<html>
<body>
<pre>
<h1>µVision Build Log</h1>
<h2>Project:</h2>
D:\STM32_проекты\F103KIT\MDK-ARM\F103KIT_1963.uvproj
Project File Date:  03/07/2017

<h2>Output:</h2>
Build target 'F103KIT_1963'
linking...
Program Size: Code=170224 RO-data=129636 RW-data=3144 ZI-data=57792  
FromELF: creating hex file...
After Build - User command #1: D:\Keil\\ARM\ARMCC\BIN\fromelf.exe --bin -o F103_KIT.bin .\output\F103KIT_1963.axf
After Build - User command #2: D:\STM32_проекты\F103KIT\MDK-ARM\user.bat
D:\STM32_Їа®ҐЄвл\F103KIT\MDK-ARM>srec_cat F103_KIT.bin -bin -exclude 0x1C 0x28 -length-l-e 0x1C 4 -generate 0x20 0x28 -repeat-string F103_KIT -o F103_KIT.bin -bin  
D:\STM32_Їа®ҐЄвл\F103KIT\MDK-ARM>srec_cat F103_KIT.bin -bin -crc32-l-e  -max-addr F103_KIT.bin -bin -o F103_KIT.bin -bin 
".\output\F103KIT_1963.axf" - 0 Error(s), 0 Warning(s).
</pre>
</body>
</html>
