<html>
<body>
<pre>
<h1>µVision Build Log</h1>
<h2>Project:</h2>
D:\STM32_ïðîåêòû\F103KIT\MDK-ARM\F103KIT_1963.uvproj
Project File Date:  03/02/2017

<h2>Output:</h2>
Build target 'F103KIT_1963'
compiling system_stm32f10x.c...
compiling main.c...
compiling stm32f10x_it.c...
compiling template.c...
compiling stm32f10x_fsmc.c...
compiling stm32f10x_rcc.c...
compiling stm32f10x_dma.c...
compiling stm32f10x_gpio.c...
compiling stm32f10x_pwr.c...
compiling stm32f10x_spi.c...
compiling stm32f10x_sdio.c...
compiling stm32f10x_rtc.c...
compiling stm32f10x_exti.c...
compiling mx25l8005.c...
compiling ssd1963_lcd.c...
compiling Arial16.c...
compiling GUI_X.c...
compiling GUIConf.c...
compiling LCDConf.c...
compiling ALARMDLG.c...
compiling KEYDLG.c...
compiling MENUDLG.c...
compiling PictureView.c...
compiling SD_File.c...
compiling Start_WindowDLG.c...
compiling TIME_DATEDLG.c...
compiling TIMERDLG.c...
compiling sdcard.c...
compiling diskio.c...
compiling ff.c...
compiling ccsbcs.c...
compiling tjpg_lib.c...
compiling tjpgd.c...
..\USER\tjpgd1b\src\tjpgd.c(505): warning:  #188-D: enumerated type mixed with another type
                if (b < 0) return 0 - b;                                /* Err: invalid code or input */
..\USER\tjpgd1b\src\tjpgd.c(509): warning:  #188-D: enumerated type mixed with another type
                        if (e < 0) return 0 - e;                        /* Err: input */
..\USER\tjpgd1b\src\tjpgd.c(527): warning:  #188-D: enumerated type mixed with another type
                        if (b < 0) return 0 - b;                        /* Err: invalid code or input error */
..\USER\tjpgd1b\src\tjpgd.c(535): warning:  #188-D: enumerated type mixed with another type
                                if (d < 0) return 0 - d;                /* Err: input device */
..\USER\tjpgd1b\src\tjpgd.c(848): warning:  #188-D: enumerated type mixed with another type
                        rc = create_huffman_tbl(jd, seg, len);
..\USER\tjpgd1b\src\tjpgd.c(858): warning:  #188-D: enumerated type mixed with another type
                        rc = create_qt_tbl(jd, seg, len);
..\USER\tjpgd1b\src\tjpgd.c: 6 warnings, 0 errors
compiling tsc2046.c...
compiling add_folder.c...
compiling alarm.c...
compiling alarm_d.c...
compiling AlarmA.c...
compiling AlarmB.c...
compiling bmp.c...
compiling date.c...
compiling del_folder.c...
compiling exit.c...
compiling gif.c...
compiling hourglass.c...
compiling jpg.c...
compiling next.c...
compiling paint.c...
compiling pdf.c...
compiling photo.c...
compiling prev.c...
compiling pwm.c...
compiling screen.c...
compiling sd.c...
compiling CAN.c...
linking...
Program Size: Code=169828 RO-data=129636 RW-data=3144 ZI-data=57792  
FromELF: creating hex file...
After Build - User command #1: D:\Keil\\ARM\ARMCC\BIN\fromelf.exe --bin -o F103_KIT.bin .\output\F103KIT_1963.axf
After Build - User command #2: D:\STM32_ïðîåêòû\F103KIT\MDK-ARM\user.bat
D:\STM32_¯à®¥ªâë\F103KIT\MDK-ARM>srec_cat F103_KIT.bin -bin -exclude 0x1C 0x28 -length-l-e 0x1C 4 -generate 0x20 0x28 -repeat-string F103_KIT -o F103_KIT.bin -bin  
D:\STM32_¯à®¥ªâë\F103KIT\MDK-ARM>srec_cat F103_KIT.bin -bin -crc32-l-e  -max-addr F103_KIT.bin -bin -o F103_KIT.bin -bin 
".\output\F103KIT_1963.axf" - 0 Error(s), 6 Warning(s).
</pre>
</body>
</html>
